[2019-02-28T21:38:49.290+0100][gc,heap] Heap region size: 1M
[2019-02-28T21:38:49.298+0100][gc     ] Using G1
[2019-02-28T21:38:49.298+0100][gc,heap,coops] Heap address: 0x00000000c0000000, size: 1024 MB, Compressed Oops mode: 32-bit
[2019-02-28T21:38:51.008+0100][gc,start     ] GC(0) Pause Initial Mark (Metadata GC Threshold)
[2019-02-28T21:38:51.008+0100][gc,task      ] GC(0) Using 8 workers of 8 for evacuation
[2019-02-28T21:38:51.021+0100][gc,phases    ] GC(0)   Pre Evacuate Collection Set: 0,1ms
[2019-02-28T21:38:51.021+0100][gc,phases    ] GC(0)   Evacuate Collection Set: 11,3ms
[2019-02-28T21:38:51.021+0100][gc,phases    ] GC(0)   Post Evacuate Collection Set: 0,6ms
[2019-02-28T21:38:51.021+0100][gc,phases    ] GC(0)   Other: 0,6ms
[2019-02-28T21:38:51.021+0100][gc,heap      ] GC(0) Eden regions: 42->0(44)
[2019-02-28T21:38:51.021+0100][gc,heap      ] GC(0) Survivor regions: 0->7(7)
[2019-02-28T21:38:51.021+0100][gc,heap      ] GC(0) Old regions: 0->0
[2019-02-28T21:38:51.021+0100][gc,heap      ] GC(0) Humongous regions: 1->1
[2019-02-28T21:38:51.021+0100][gc,metaspace ] GC(0) Metaspace: 20739K->20739K(1069056K)
[2019-02-28T21:38:51.021+0100][gc           ] GC(0) Pause Initial Mark (Metadata GC Threshold) 43M->7M(1024M) 12,744ms
[2019-02-28T21:38:51.021+0100][gc,cpu       ] GC(0) User=0,08s Sys=0,00s Real=0,01s
[2019-02-28T21:38:51.021+0100][gc           ] GC(1) Concurrent Cycle
[2019-02-28T21:38:51.021+0100][gc,marking   ] GC(1) Concurrent Clear Claimed Marks
[2019-02-28T21:38:51.021+0100][gc,marking   ] GC(1) Concurrent Clear Claimed Marks 0,045ms
[2019-02-28T21:38:51.021+0100][gc,marking   ] GC(1) Concurrent Scan Root Regions
[2019-02-28T21:38:51.027+0100][gc,marking   ] GC(1) Concurrent Scan Root Regions 5,866ms
[2019-02-28T21:38:51.027+0100][gc,marking   ] GC(1) Concurrent Mark (1,739s)
[2019-02-28T21:38:51.027+0100][gc,marking   ] GC(1) Concurrent Mark From Roots
[2019-02-28T21:38:51.027+0100][gc,task      ] GC(1) Using 2 workers of 2 for marking
[2019-02-28T21:38:51.028+0100][gc,marking   ] GC(1) Concurrent Mark From Roots 1,011ms
[2019-02-28T21:38:51.028+0100][gc,marking   ] GC(1) Concurrent Mark (1,739s, 1,740s) 1,069ms
[2019-02-28T21:38:51.031+0100][gc,start     ] GC(1) Pause Remark
[2019-02-28T21:38:51.035+0100][gc,stringtable] GC(1) Cleaned string and symbol table, strings: 8315 processed, 0 removed, symbols: 66642 processed, 37 removed
[2019-02-28T21:38:51.035+0100][gc            ] GC(1) Pause Remark 7M->7M(1024M) 4,422ms
[2019-02-28T21:38:51.035+0100][gc,cpu        ] GC(1) User=0,03s Sys=0,00s Real=0,01s
[2019-02-28T21:38:51.035+0100][gc,marking    ] GC(1) Concurrent Create Live Data
[2019-02-28T21:38:51.035+0100][gc,marking    ] GC(1) Concurrent Create Live Data 0,275ms
[2019-02-28T21:38:51.036+0100][gc,start      ] GC(1) Pause Cleanup
[2019-02-28T21:38:51.037+0100][gc            ] GC(1) Pause Cleanup 7M->7M(1024M) 1,308ms
[2019-02-28T21:38:51.037+0100][gc,cpu        ] GC(1) User=0,01s Sys=0,00s Real=0,00s
[2019-02-28T21:38:51.037+0100][gc,marking    ] GC(1) Concurrent Cleanup for Next Mark
[2019-02-28T21:38:51.045+0100][gc,marking    ] GC(1) Concurrent Cleanup for Next Mark 7,626ms
[2019-02-28T21:38:51.045+0100][gc            ] GC(1) Concurrent Cycle 23,572ms
[2019-02-28T21:38:52.471+0100][gc,start      ] GC(2) Pause Young (G1 Evacuation Pause)
[2019-02-28T21:38:52.471+0100][gc,task       ] GC(2) Using 8 workers of 8 for evacuation
[2019-02-28T21:38:52.482+0100][gc,phases     ] GC(2)   Pre Evacuate Collection Set: 0,0ms
[2019-02-28T21:38:52.482+0100][gc,phases     ] GC(2)   Evacuate Collection Set: 9,5ms
[2019-02-28T21:38:52.482+0100][gc,phases     ] GC(2)   Post Evacuate Collection Set: 0,4ms
[2019-02-28T21:38:52.482+0100][gc,phases     ] GC(2)   Other: 0,2ms
[2019-02-28T21:38:52.482+0100][gc,heap       ] GC(2) Eden regions: 44->0(47)
[2019-02-28T21:38:52.482+0100][gc,heap       ] GC(2) Survivor regions: 7->4(7)
[2019-02-28T21:38:52.482+0100][gc,heap       ] GC(2) Old regions: 0->6
[2019-02-28T21:38:52.482+0100][gc,heap       ] GC(2) Humongous regions: 130->130
[2019-02-28T21:38:52.482+0100][gc,metaspace  ] GC(2) Metaspace: 29924K->29924K(1077248K)
[2019-02-28T21:38:52.482+0100][gc            ] GC(2) Pause Young (G1 Evacuation Pause) 180M->139M(1024M) 10,228ms
[2019-02-28T21:38:52.482+0100][gc,cpu        ] GC(2) User=0,06s Sys=0,00s Real=0,01s
[2019-02-28T21:40:33.426+0100][gc,start      ] GC(3) Pause Initial Mark (Metadata GC Threshold)
[2019-02-28T21:40:33.426+0100][gc,task       ] GC(3) Using 8 workers of 8 for evacuation
[2019-02-28T21:40:33.436+0100][gc,phases     ] GC(3)   Pre Evacuate Collection Set: 0,1ms
[2019-02-28T21:40:33.436+0100][gc,phases     ] GC(3)   Evacuate Collection Set: 8,9ms
[2019-02-28T21:40:33.436+0100][gc,phases     ] GC(3)   Post Evacuate Collection Set: 0,6ms
[2019-02-28T21:40:33.436+0100][gc,phases     ] GC(3)   Other: 0,5ms
[2019-02-28T21:40:33.436+0100][gc,heap       ] GC(3) Eden regions: 45->0(46)
[2019-02-28T21:40:33.436+0100][gc,heap       ] GC(3) Survivor regions: 4->5(7)
[2019-02-28T21:40:33.436+0100][gc,heap       ] GC(3) Old regions: 6->6
[2019-02-28T21:40:33.436+0100][gc,heap       ] GC(3) Humongous regions: 130->130
[2019-02-28T21:40:33.436+0100][gc,metaspace  ] GC(3) Metaspace: 34954K->34954K(1081344K)
[2019-02-28T21:40:33.436+0100][gc            ] GC(3) Pause Initial Mark (Metadata GC Threshold) 183M->140M(1024M) 10,180ms
[2019-02-28T21:40:33.436+0100][gc,cpu        ] GC(3) User=0,07s Sys=0,00s Real=0,01s
[2019-02-28T21:40:33.436+0100][gc            ] GC(4) Concurrent Cycle
[2019-02-28T21:40:33.436+0100][gc,marking    ] GC(4) Concurrent Clear Claimed Marks
[2019-02-28T21:40:33.436+0100][gc,marking    ] GC(4) Concurrent Clear Claimed Marks 0,064ms
[2019-02-28T21:40:33.436+0100][gc,marking    ] GC(4) Concurrent Scan Root Regions
[2019-02-28T21:40:33.442+0100][gc,marking    ] GC(4) Concurrent Scan Root Regions 6,119ms
[2019-02-28T21:40:33.442+0100][gc,marking    ] GC(4) Concurrent Mark (104,615s)
[2019-02-28T21:40:33.442+0100][gc,marking    ] GC(4) Concurrent Mark From Roots
[2019-02-28T21:40:33.442+0100][gc,task       ] GC(4) Using 2 workers of 2 for marking
[2019-02-28T21:40:33.453+0100][gc,marking    ] GC(4) Concurrent Mark From Roots 10,630ms
[2019-02-28T21:40:33.453+0100][gc,marking    ] GC(4) Concurrent Mark (104,615s, 104,626s) 10,683ms
[2019-02-28T21:40:33.453+0100][gc,start      ] GC(4) Pause Remark
[2019-02-28T21:40:33.459+0100][gc,stringtable] GC(4) Cleaned string and symbol table, strings: 14757 processed, 6 removed, symbols: 95923 processed, 13 removed
[2019-02-28T21:40:33.459+0100][gc            ] GC(4) Pause Remark 141M->141M(1024M) 5,308ms
[2019-02-28T21:40:33.459+0100][gc,cpu        ] GC(4) User=0,03s Sys=0,00s Real=0,00s
[2019-02-28T21:40:33.459+0100][gc,marking    ] GC(4) Concurrent Create Live Data
[2019-02-28T21:40:33.461+0100][gc,marking    ] GC(4) Concurrent Create Live Data 1,893ms
[2019-02-28T21:40:33.461+0100][gc,start      ] GC(4) Pause Cleanup
[2019-02-28T21:40:33.461+0100][gc            ] GC(4) Pause Cleanup 141M->141M(1024M) 0,574ms
[2019-02-28T21:40:33.461+0100][gc,cpu        ] GC(4) User=0,01s Sys=0,00s Real=0,00s
[2019-02-28T21:40:33.462+0100][gc,marking    ] GC(4) Concurrent Cleanup for Next Mark
[2019-02-28T21:40:33.467+0100][gc,marking    ] GC(4) Concurrent Cleanup for Next Mark 5,890ms
[2019-02-28T21:40:33.467+0100][gc            ] GC(4) Concurrent Cycle 31,331ms
[2019-02-28T21:48:51.375+0100][gc,start      ] GC(5) Pause Young (G1 Evacuation Pause)
[2019-02-28T21:48:51.375+0100][gc,task       ] GC(5) Using 8 workers of 8 for evacuation
[2019-02-28T21:48:51.386+0100][gc,phases     ] GC(5)   Pre Evacuate Collection Set: 0,0ms
[2019-02-28T21:48:51.386+0100][gc,phases     ] GC(5)   Evacuate Collection Set: 10,7ms
[2019-02-28T21:48:51.386+0100][gc,phases     ] GC(5)   Post Evacuate Collection Set: 0,6ms
[2019-02-28T21:48:51.386+0100][gc,phases     ] GC(5)   Other: 0,5ms
[2019-02-28T21:48:51.386+0100][gc,heap       ] GC(5) Eden regions: 46->0(47)
[2019-02-28T21:48:51.386+0100][gc,heap       ] GC(5) Survivor regions: 5->4(7)
[2019-02-28T21:48:51.386+0100][gc,heap       ] GC(5) Old regions: 6->10
[2019-02-28T21:48:51.387+0100][gc,heap       ] GC(5) Humongous regions: 130->130
[2019-02-28T21:48:51.387+0100][gc,metaspace  ] GC(5) Metaspace: 37014K->37014K(1083392K)
[2019-02-28T21:48:51.387+0100][gc            ] GC(5) Pause Young (G1 Evacuation Pause) 186M->142M(1024M) 12,091ms
[2019-02-28T21:48:51.387+0100][gc,cpu        ] GC(5) User=0,08s Sys=0,00s Real=0,01s
[2019-02-28T21:58:57.289+0100][gc,start      ] GC(6) Pause Young (G1 Evacuation Pause)
[2019-02-28T21:58:57.289+0100][gc,task       ] GC(6) Using 8 workers of 8 for evacuation
[2019-02-28T21:58:57.296+0100][gc,phases     ] GC(6)   Pre Evacuate Collection Set: 0,0ms
[2019-02-28T21:58:57.297+0100][gc,phases     ] GC(6)   Evacuate Collection Set: 7,0ms
[2019-02-28T21:58:57.297+0100][gc,phases     ] GC(6)   Post Evacuate Collection Set: 0,4ms
[2019-02-28T21:58:57.297+0100][gc,phases     ] GC(6)   Other: 0,3ms
[2019-02-28T21:58:57.297+0100][gc,heap       ] GC(6) Eden regions: 47->0(47)
[2019-02-28T21:58:57.297+0100][gc,heap       ] GC(6) Survivor regions: 4->4(7)
[2019-02-28T21:58:57.297+0100][gc,heap       ] GC(6) Old regions: 10->10
[2019-02-28T21:58:57.297+0100][gc,heap       ] GC(6) Humongous regions: 130->130
[2019-02-28T21:58:57.297+0100][gc,metaspace  ] GC(6) Metaspace: 37210K->37210K(1083392K)
[2019-02-28T21:58:57.297+0100][gc            ] GC(6) Pause Young (G1 Evacuation Pause) 189M->143M(1024M) 7,797ms
[2019-02-28T21:58:57.297+0100][gc,cpu        ] GC(6) User=0,05s Sys=0,00s Real=0,01s
[2019-02-28T23:28:49.427+0100][gc,start      ] GC(7) Pause Young (G1 Evacuation Pause)
[2019-02-28T23:28:49.427+0100][gc,task       ] GC(7) Using 8 workers of 8 for evacuation
[2019-02-28T23:28:49.437+0100][gc,phases     ] GC(7)   Pre Evacuate Collection Set: 0,0ms
[2019-02-28T23:28:49.437+0100][gc,phases     ] GC(7)   Evacuate Collection Set: 9,1ms
[2019-02-28T23:28:49.437+0100][gc,phases     ] GC(7)   Post Evacuate Collection Set: 0,7ms
[2019-02-28T23:28:49.437+0100][gc,phases     ] GC(7)   Other: 0,4ms
[2019-02-28T23:28:49.437+0100][gc,heap       ] GC(7) Eden regions: 47->0(48)
[2019-02-28T23:28:49.437+0100][gc,heap       ] GC(7) Survivor regions: 4->3(7)
[2019-02-28T23:28:49.437+0100][gc,heap       ] GC(7) Old regions: 10->11
[2019-02-28T23:28:49.437+0100][gc,heap       ] GC(7) Humongous regions: 130->130
[2019-02-28T23:28:49.437+0100][gc,metaspace  ] GC(7) Metaspace: 37326K->37326K(1083392K)
[2019-02-28T23:28:49.437+0100][gc            ] GC(7) Pause Young (G1 Evacuation Pause) 190M->143M(1024M) 10,444ms
[2019-02-28T23:28:49.437+0100][gc,cpu        ] GC(7) User=0,07s Sys=0,01s Real=0,01s
[2019-02-28T23:40:04.937+0100][gc,start      ] GC(8) Pause Young (G1 Evacuation Pause)
[2019-02-28T23:40:04.937+0100][gc,task       ] GC(8) Using 8 workers of 8 for evacuation
[2019-02-28T23:40:04.946+0100][gc,phases     ] GC(8)   Pre Evacuate Collection Set: 0,0ms
[2019-02-28T23:40:04.946+0100][gc,phases     ] GC(8)   Evacuate Collection Set: 8,1ms
[2019-02-28T23:40:04.946+0100][gc,phases     ] GC(8)   Post Evacuate Collection Set: 0,6ms
[2019-02-28T23:40:04.947+0100][gc,phases     ] GC(8)   Other: 0,4ms
[2019-02-28T23:40:04.947+0100][gc,heap       ] GC(8) Eden regions: 48->0(47)
[2019-02-28T23:40:04.947+0100][gc,heap       ] GC(8) Survivor regions: 3->4(7)
[2019-02-28T23:40:04.947+0100][gc,heap       ] GC(8) Old regions: 11->11
[2019-02-28T23:40:04.947+0100][gc,heap       ] GC(8) Humongous regions: 130->130
[2019-02-28T23:40:04.947+0100][gc,metaspace  ] GC(8) Metaspace: 37502K->37502K(1083392K)
[2019-02-28T23:40:04.947+0100][gc            ] GC(8) Pause Young (G1 Evacuation Pause) 191M->144M(1024M) 9,253ms
[2019-02-28T23:40:04.947+0100][gc,cpu        ] GC(8) User=0,06s Sys=0,00s Real=0,01s
[2019-02-28T23:51:24.937+0100][gc,start      ] GC(9) Pause Young (G1 Evacuation Pause)
[2019-02-28T23:51:24.937+0100][gc,task       ] GC(9) Using 8 workers of 8 for evacuation
[2019-02-28T23:51:24.942+0100][gc,phases     ] GC(9)   Pre Evacuate Collection Set: 0,0ms
[2019-02-28T23:51:24.942+0100][gc,phases     ] GC(9)   Evacuate Collection Set: 4,3ms
[2019-02-28T23:51:24.942+0100][gc,phases     ] GC(9)   Post Evacuate Collection Set: 0,4ms
[2019-02-28T23:51:24.942+0100][gc,phases     ] GC(9)   Other: 0,3ms
[2019-02-28T23:51:24.942+0100][gc,heap       ] GC(9) Eden regions: 47->0(53)
[2019-02-28T23:51:24.942+0100][gc,heap       ] GC(9) Survivor regions: 4->3(7)
[2019-02-28T23:51:24.942+0100][gc,heap       ] GC(9) Old regions: 11->11
[2019-02-28T23:51:24.942+0100][gc,heap       ] GC(9) Humongous regions: 130->130
[2019-02-28T23:51:24.942+0100][gc,metaspace  ] GC(9) Metaspace: 37594K->37594K(1083392K)
[2019-02-28T23:51:24.942+0100][gc            ] GC(9) Pause Young (G1 Evacuation Pause) 191M->143M(1024M) 5,279ms
[2019-02-28T23:51:24.942+0100][gc,cpu        ] GC(9) User=0,03s Sys=0,00s Real=0,00s
[2019-03-01T00:03:24.651+0100][gc,start      ] GC(10) Pause Young (G1 Evacuation Pause)
[2019-03-01T00:03:24.651+0100][gc,task       ] GC(10) Using 8 workers of 8 for evacuation
[2019-03-01T00:03:24.658+0100][gc,phases     ] GC(10)   Pre Evacuate Collection Set: 0,0ms
[2019-03-01T00:03:24.658+0100][gc,phases     ] GC(10)   Evacuate Collection Set: 6,0ms
[2019-03-01T00:03:24.658+0100][gc,phases     ] GC(10)   Post Evacuate Collection Set: 0,4ms
[2019-03-01T00:03:24.658+0100][gc,phases     ] GC(10)   Other: 0,3ms
[2019-03-01T00:03:24.658+0100][gc,heap       ] GC(10) Eden regions: 53->0(98)
[2019-03-01T00:03:24.658+0100][gc,heap       ] GC(10) Survivor regions: 3->4(7)
[2019-03-01T00:03:24.658+0100][gc,heap       ] GC(10) Old regions: 11->11
[2019-03-01T00:03:24.658+0100][gc,heap       ] GC(10) Humongous regions: 130->130
[2019-03-01T00:03:24.658+0100][gc,metaspace  ] GC(10) Metaspace: 37672K->37672K(1083392K)
[2019-03-01T00:03:24.658+0100][gc            ] GC(10) Pause Young (G1 Evacuation Pause) 196M->144M(1024M) 6,790ms
[2019-03-01T00:03:24.658+0100][gc,cpu        ] GC(10) User=0,05s Sys=0,00s Real=0,01s
