[2019-02-22T23:21:43.777+0100][gc,heap] Heap region size: 1M
[2019-02-22T23:21:43.786+0100][gc     ] Using G1
[2019-02-22T23:21:43.786+0100][gc,heap,coops] Heap address: 0x00000000c0000000, size: 1024 MB, Compressed Oops mode: 32-bit
[2019-02-22T23:21:46.724+0100][gc,start     ] GC(0) Pause Initial Mark (Metadata GC Threshold)
[2019-02-22T23:21:46.724+0100][gc,task      ] GC(0) Using 8 workers of 8 for evacuation
[2019-02-22T23:21:46.738+0100][gc,phases    ] GC(0)   Pre Evacuate Collection Set: 0,0ms
[2019-02-22T23:21:46.738+0100][gc,phases    ] GC(0)   Evacuate Collection Set: 12,1ms
[2019-02-22T23:21:46.738+0100][gc,phases    ] GC(0)   Post Evacuate Collection Set: 0,6ms
[2019-02-22T23:21:46.738+0100][gc,phases    ] GC(0)   Other: 0,5ms
[2019-02-22T23:21:46.738+0100][gc,heap      ] GC(0) Eden regions: 43->0(44)
[2019-02-22T23:21:46.738+0100][gc,heap      ] GC(0) Survivor regions: 0->7(7)
[2019-02-22T23:21:46.738+0100][gc,heap      ] GC(0) Old regions: 0->0
[2019-02-22T23:21:46.738+0100][gc,heap      ] GC(0) Humongous regions: 1->1
[2019-02-22T23:21:46.738+0100][gc,metaspace ] GC(0) Metaspace: 20732K->20732K(1069056K)
[2019-02-22T23:21:46.738+0100][gc           ] GC(0) Pause Initial Mark (Metadata GC Threshold) 43M->7M(1024M) 13,347ms
[2019-02-22T23:21:46.738+0100][gc,cpu       ] GC(0) User=0,08s Sys=0,01s Real=0,01s
[2019-02-22T23:21:46.738+0100][gc           ] GC(1) Concurrent Cycle
[2019-02-22T23:21:46.738+0100][gc,marking   ] GC(1) Concurrent Clear Claimed Marks
[2019-02-22T23:21:46.738+0100][gc,marking   ] GC(1) Concurrent Clear Claimed Marks 0,053ms
[2019-02-22T23:21:46.738+0100][gc,marking   ] GC(1) Concurrent Scan Root Regions
[2019-02-22T23:21:46.743+0100][gc,marking   ] GC(1) Concurrent Scan Root Regions 4,643ms
[2019-02-22T23:21:46.743+0100][gc,marking   ] GC(1) Concurrent Mark (2,968s)
[2019-02-22T23:21:46.743+0100][gc,marking   ] GC(1) Concurrent Mark From Roots
[2019-02-22T23:21:46.743+0100][gc,task      ] GC(1) Using 2 workers of 2 for marking
[2019-02-22T23:21:46.744+0100][gc,marking   ] GC(1) Concurrent Mark From Roots 1,067ms
[2019-02-22T23:21:46.744+0100][gc,marking   ] GC(1) Concurrent Mark (2,968s, 2,969s) 1,112ms
[2019-02-22T23:21:46.744+0100][gc,start     ] GC(1) Pause Remark
[2019-02-22T23:21:46.748+0100][gc,stringtable] GC(1) Cleaned string and symbol table, strings: 8306 processed, 0 removed, symbols: 66928 processed, 37 removed
[2019-02-22T23:21:46.748+0100][gc            ] GC(1) Pause Remark 7M->7M(1024M) 4,575ms
[2019-02-22T23:21:46.749+0100][gc,cpu        ] GC(1) User=0,03s Sys=0,01s Real=0,01s
[2019-02-22T23:21:46.749+0100][gc,marking    ] GC(1) Concurrent Create Live Data
[2019-02-22T23:21:46.749+0100][gc,marking    ] GC(1) Concurrent Create Live Data 0,222ms
[2019-02-22T23:21:46.749+0100][gc,start      ] GC(1) Pause Cleanup
[2019-02-22T23:21:46.750+0100][gc            ] GC(1) Pause Cleanup 7M->7M(1024M) 1,266ms
[2019-02-22T23:21:46.750+0100][gc,cpu        ] GC(1) User=0,01s Sys=0,00s Real=0,00s
[2019-02-22T23:21:46.750+0100][gc,marking    ] GC(1) Concurrent Cleanup for Next Mark
[2019-02-22T23:21:46.760+0100][gc,marking    ] GC(1) Concurrent Cleanup for Next Mark 10,026ms
[2019-02-22T23:21:46.760+0100][gc            ] GC(1) Concurrent Cycle 22,691ms
[2019-02-22T23:21:48.614+0100][gc,start      ] GC(2) Pause Young (G1 Evacuation Pause)
[2019-02-22T23:21:48.614+0100][gc,task       ] GC(2) Using 8 workers of 8 for evacuation
[2019-02-22T23:21:48.622+0100][gc,phases     ] GC(2)   Pre Evacuate Collection Set: 0,0ms
[2019-02-22T23:21:48.622+0100][gc,phases     ] GC(2)   Evacuate Collection Set: 7,5ms
[2019-02-22T23:21:48.622+0100][gc,phases     ] GC(2)   Post Evacuate Collection Set: 0,3ms
[2019-02-22T23:21:48.622+0100][gc,phases     ] GC(2)   Other: 0,2ms
[2019-02-22T23:21:48.622+0100][gc,heap       ] GC(2) Eden regions: 44->0(47)
[2019-02-22T23:21:48.622+0100][gc,heap       ] GC(2) Survivor regions: 7->4(7)
[2019-02-22T23:21:48.622+0100][gc,heap       ] GC(2) Old regions: 0->6
[2019-02-22T23:21:48.622+0100][gc,heap       ] GC(2) Humongous regions: 130->130
[2019-02-22T23:21:48.622+0100][gc,metaspace  ] GC(2) Metaspace: 29943K->29943K(1077248K)
[2019-02-22T23:21:48.622+0100][gc            ] GC(2) Pause Young (G1 Evacuation Pause) 180M->139M(1024M) 8,058ms
[2019-02-22T23:21:48.622+0100][gc,cpu        ] GC(2) User=0,05s Sys=0,01s Real=0,00s
