[2019-02-23T10:18:07.005+0100][gc,heap] Heap region size: 1M
[2019-02-23T10:18:07.013+0100][gc     ] Using G1
[2019-02-23T10:18:07.013+0100][gc,heap,coops] Heap address: 0x00000000c0000000, size: 1024 MB, Compressed Oops mode: 32-bit
[2019-02-23T10:18:10.286+0100][gc,start     ] GC(0) Pause Initial Mark (Metadata GC Threshold)
[2019-02-23T10:18:10.286+0100][gc,task      ] GC(0) Using 8 workers of 8 for evacuation
[2019-02-23T10:18:10.290+0100][gc,phases    ] GC(0)   Pre Evacuate Collection Set: 0,0ms
[2019-02-23T10:18:10.290+0100][gc,phases    ] GC(0)   Evacuate Collection Set: 4,2ms
[2019-02-23T10:18:10.290+0100][gc,phases    ] GC(0)   Post Evacuate Collection Set: 0,3ms
[2019-02-23T10:18:10.290+0100][gc,phases    ] GC(0)   Other: 0,3ms
[2019-02-23T10:18:10.290+0100][gc,heap      ] GC(0) Eden regions: 42->0(45)
[2019-02-23T10:18:10.290+0100][gc,heap      ] GC(0) Survivor regions: 0->6(7)
[2019-02-23T10:18:10.290+0100][gc,heap      ] GC(0) Old regions: 0->0
[2019-02-23T10:18:10.290+0100][gc,heap      ] GC(0) Humongous regions: 1->1
[2019-02-23T10:18:10.290+0100][gc,metaspace ] GC(0) Metaspace: 20753K->20753K(1069056K)
[2019-02-23T10:18:10.291+0100][gc           ] GC(0) Pause Initial Mark (Metadata GC Threshold) 43M->6M(1024M) 4,947ms
[2019-02-23T10:18:10.291+0100][gc,cpu       ] GC(0) User=0,01s Sys=0,01s Real=0,00s
[2019-02-23T10:18:10.291+0100][gc           ] GC(1) Concurrent Cycle
[2019-02-23T10:18:10.291+0100][gc,marking   ] GC(1) Concurrent Clear Claimed Marks
[2019-02-23T10:18:10.291+0100][gc,marking   ] GC(1) Concurrent Clear Claimed Marks 0,035ms
[2019-02-23T10:18:10.291+0100][gc,marking   ] GC(1) Concurrent Scan Root Regions
[2019-02-23T10:18:10.292+0100][gc,marking   ] GC(1) Concurrent Scan Root Regions 1,715ms
[2019-02-23T10:18:10.292+0100][gc,marking   ] GC(1) Concurrent Mark (3,289s)
[2019-02-23T10:18:10.292+0100][gc,marking   ] GC(1) Concurrent Mark From Roots
[2019-02-23T10:18:10.292+0100][gc,task      ] GC(1) Using 2 workers of 2 for marking
[2019-02-23T10:18:10.293+0100][gc,marking   ] GC(1) Concurrent Mark From Roots 0,404ms
[2019-02-23T10:18:10.293+0100][gc,marking   ] GC(1) Concurrent Mark (3,289s, 3,289s) 0,424ms
[2019-02-23T10:18:10.293+0100][gc,start     ] GC(1) Pause Remark
[2019-02-23T10:18:10.296+0100][gc,stringtable] GC(1) Cleaned string and symbol table, strings: 8306 processed, 0 removed, symbols: 65947 processed, 37 removed
[2019-02-23T10:18:10.296+0100][gc            ] GC(1) Pause Remark 7M->7M(1024M) 3,002ms
[2019-02-23T10:18:10.296+0100][gc,cpu        ] GC(1) User=0,02s Sys=0,00s Real=0,00s
[2019-02-23T10:18:10.296+0100][gc,marking    ] GC(1) Concurrent Create Live Data
[2019-02-23T10:18:10.296+0100][gc,marking    ] GC(1) Concurrent Create Live Data 0,133ms
[2019-02-23T10:18:10.296+0100][gc,start      ] GC(1) Pause Cleanup
[2019-02-23T10:18:10.297+0100][gc            ] GC(1) Pause Cleanup 7M->7M(1024M) 0,555ms
[2019-02-23T10:18:10.297+0100][gc,cpu        ] GC(1) User=0,00s Sys=0,00s Real=0,00s
[2019-02-23T10:18:10.297+0100][gc,marking    ] GC(1) Concurrent Cleanup for Next Mark
[2019-02-23T10:18:10.301+0100][gc,marking    ] GC(1) Concurrent Cleanup for Next Mark 4,454ms
[2019-02-23T10:18:10.301+0100][gc            ] GC(1) Concurrent Cycle 10,671ms
[2019-02-23T10:18:12.222+0100][gc,start      ] GC(2) Pause Young (G1 Evacuation Pause)
[2019-02-23T10:18:12.222+0100][gc,task       ] GC(2) Using 8 workers of 8 for evacuation
[2019-02-23T10:18:12.251+0100][gc,mmu        ] GC(2) MMU target violated: 21,0ms (20,0ms/21,0ms)
[2019-02-23T10:18:12.251+0100][gc,phases     ] GC(2)   Pre Evacuate Collection Set: 0,1ms
[2019-02-23T10:18:12.251+0100][gc,phases     ] GC(2)   Evacuate Collection Set: 28,3ms
[2019-02-23T10:18:12.251+0100][gc,phases     ] GC(2)   Post Evacuate Collection Set: 0,7ms
[2019-02-23T10:18:12.251+0100][gc,phases     ] GC(2)   Other: 0,6ms
[2019-02-23T10:18:12.251+0100][gc,heap       ] GC(2) Eden regions: 45->0(47)
[2019-02-23T10:18:12.251+0100][gc,heap       ] GC(2) Survivor regions: 6->4(7)
[2019-02-23T10:18:12.251+0100][gc,heap       ] GC(2) Old regions: 0->7
[2019-02-23T10:18:12.251+0100][gc,heap       ] GC(2) Humongous regions: 130->130
[2019-02-23T10:18:12.251+0100][gc,metaspace  ] GC(2) Metaspace: 30048K->30048K(1077248K)
[2019-02-23T10:18:12.251+0100][gc            ] GC(2) Pause Young (G1 Evacuation Pause) 180M->139M(1024M) 29,729ms
[2019-02-23T10:18:12.251+0100][gc,cpu        ] GC(2) User=0,20s Sys=0,01s Real=0,03s
[2019-02-23T10:59:13.514+0100][gc,start      ] GC(3) Pause Young (G1 Evacuation Pause)
[2019-02-23T10:59:13.514+0100][gc,task       ] GC(3) Using 8 workers of 8 for evacuation
[2019-02-23T10:59:13.521+0100][gc,phases     ] GC(3)   Pre Evacuate Collection Set: 0,0ms
[2019-02-23T10:59:13.521+0100][gc,phases     ] GC(3)   Evacuate Collection Set: 5,7ms
[2019-02-23T10:59:13.521+0100][gc,phases     ] GC(3)   Post Evacuate Collection Set: 0,3ms
[2019-02-23T10:59:13.521+0100][gc,phases     ] GC(3)   Other: 0,3ms
[2019-02-23T10:59:13.521+0100][gc,heap       ] GC(3) Eden regions: 47->0(47)
[2019-02-23T10:59:13.521+0100][gc,heap       ] GC(3) Survivor regions: 4->4(7)
[2019-02-23T10:59:13.521+0100][gc,heap       ] GC(3) Old regions: 7->7
[2019-02-23T10:59:13.521+0100][gc,heap       ] GC(3) Humongous regions: 130->130
[2019-02-23T10:59:13.521+0100][gc,metaspace  ] GC(3) Metaspace: 33543K->33543K(1079296K)
[2019-02-23T10:59:13.521+0100][gc            ] GC(3) Pause Young (G1 Evacuation Pause) 186M->139M(1024M) 6,451ms
[2019-02-23T10:59:13.521+0100][gc,cpu        ] GC(3) User=0,04s Sys=0,00s Real=0,00s
[2019-02-23T10:59:56.248+0100][gc,start      ] GC(4) Pause Initial Mark (Metadata GC Threshold)
[2019-02-23T10:59:56.248+0100][gc,task       ] GC(4) Using 8 workers of 8 for evacuation
[2019-02-23T10:59:56.253+0100][gc,phases     ] GC(4)   Pre Evacuate Collection Set: 0,0ms
[2019-02-23T10:59:56.253+0100][gc,phases     ] GC(4)   Evacuate Collection Set: 4,9ms
[2019-02-23T10:59:56.253+0100][gc,phases     ] GC(4)   Post Evacuate Collection Set: 0,3ms
[2019-02-23T10:59:56.253+0100][gc,phases     ] GC(4)   Other: 0,3ms
[2019-02-23T10:59:56.253+0100][gc,heap       ] GC(4) Eden regions: 27->0(48)
[2019-02-23T10:59:56.253+0100][gc,heap       ] GC(4) Survivor regions: 4->3(7)
[2019-02-23T10:59:56.253+0100][gc,heap       ] GC(4) Old regions: 7->10
[2019-02-23T10:59:56.253+0100][gc,heap       ] GC(4) Humongous regions: 130->130
[2019-02-23T10:59:56.253+0100][gc,metaspace  ] GC(4) Metaspace: 35035K->35035K(1081344K)
[2019-02-23T10:59:56.253+0100][gc            ] GC(4) Pause Initial Mark (Metadata GC Threshold) 166M->141M(1024M) 5,527ms
[2019-02-23T10:59:56.253+0100][gc,cpu        ] GC(4) User=0,04s Sys=0,00s Real=0,01s
[2019-02-23T10:59:56.253+0100][gc            ] GC(5) Concurrent Cycle
[2019-02-23T10:59:56.253+0100][gc,marking    ] GC(5) Concurrent Clear Claimed Marks
[2019-02-23T10:59:56.253+0100][gc,marking    ] GC(5) Concurrent Clear Claimed Marks 0,058ms
[2019-02-23T10:59:56.253+0100][gc,marking    ] GC(5) Concurrent Scan Root Regions
[2019-02-23T10:59:56.255+0100][gc,marking    ] GC(5) Concurrent Scan Root Regions 1,323ms
[2019-02-23T10:59:56.255+0100][gc,marking    ] GC(5) Concurrent Mark (2509,251s)
[2019-02-23T10:59:56.255+0100][gc,marking    ] GC(5) Concurrent Mark From Roots
[2019-02-23T10:59:56.255+0100][gc,task       ] GC(5) Using 2 workers of 2 for marking
[2019-02-23T10:59:56.265+0100][gc,marking    ] GC(5) Concurrent Mark From Roots 9,766ms
[2019-02-23T10:59:56.265+0100][gc,marking    ] GC(5) Concurrent Mark (2509,251s, 2509,261s) 9,806ms
[2019-02-23T10:59:56.265+0100][gc,start      ] GC(5) Pause Remark
[2019-02-23T10:59:56.270+0100][gc,stringtable] GC(5) Cleaned string and symbol table, strings: 14919 processed, 284 removed, symbols: 96354 processed, 11 removed
[2019-02-23T10:59:56.270+0100][gc            ] GC(5) Pause Remark 142M->142M(1024M) 4,908ms
[2019-02-23T10:59:56.270+0100][gc,cpu        ] GC(5) User=0,03s Sys=0,00s Real=0,00s
[2019-02-23T10:59:56.270+0100][gc,marking    ] GC(5) Concurrent Create Live Data
[2019-02-23T10:59:56.272+0100][gc,marking    ] GC(5) Concurrent Create Live Data 1,830ms
[2019-02-23T10:59:56.272+0100][gc,start      ] GC(5) Pause Cleanup
[2019-02-23T10:59:56.272+0100][gc            ] GC(5) Pause Cleanup 142M->142M(1024M) 0,518ms
[2019-02-23T10:59:56.272+0100][gc,cpu        ] GC(5) User=0,00s Sys=0,00s Real=0,00s
[2019-02-23T10:59:56.272+0100][gc,marking    ] GC(5) Concurrent Cleanup for Next Mark
[2019-02-23T10:59:56.276+0100][gc,marking    ] GC(5) Concurrent Cleanup for Next Mark 3,687ms
[2019-02-23T10:59:56.276+0100][gc            ] GC(5) Concurrent Cycle 22,742ms
[2019-02-23T11:10:14.443+0100][gc,start      ] GC(6) Pause Young (G1 Evacuation Pause)
[2019-02-23T11:10:14.443+0100][gc,task       ] GC(6) Using 8 workers of 8 for evacuation
[2019-02-23T11:10:14.447+0100][gc,phases     ] GC(6)   Pre Evacuate Collection Set: 0,0ms
[2019-02-23T11:10:14.447+0100][gc,phases     ] GC(6)   Evacuate Collection Set: 3,3ms
[2019-02-23T11:10:14.447+0100][gc,phases     ] GC(6)   Post Evacuate Collection Set: 0,4ms
[2019-02-23T11:10:14.447+0100][gc,phases     ] GC(6)   Other: 0,2ms
[2019-02-23T11:10:14.447+0100][gc,heap       ] GC(6) Eden regions: 48->0(47)
[2019-02-23T11:10:14.447+0100][gc,heap       ] GC(6) Survivor regions: 3->4(7)
[2019-02-23T11:10:14.447+0100][gc,heap       ] GC(6) Old regions: 10->10
[2019-02-23T11:10:14.447+0100][gc,heap       ] GC(6) Humongous regions: 130->130
[2019-02-23T11:10:14.447+0100][gc,metaspace  ] GC(6) Metaspace: 36956K->36956K(1083392K)
[2019-02-23T11:10:14.447+0100][gc            ] GC(6) Pause Young (G1 Evacuation Pause) 189M->142M(1024M) 3,945ms
[2019-02-23T11:10:14.447+0100][gc,cpu        ] GC(6) User=0,03s Sys=0,00s Real=0,01s
[2019-02-23T11:10:52.907+0100][gc,start      ] GC(7) Pause Young (G1 Evacuation Pause)
[2019-02-23T11:10:52.907+0100][gc,task       ] GC(7) Using 8 workers of 8 for evacuation
[2019-02-23T11:10:52.911+0100][gc,phases     ] GC(7)   Pre Evacuate Collection Set: 0,0ms
[2019-02-23T11:10:52.911+0100][gc,phases     ] GC(7)   Evacuate Collection Set: 3,4ms
[2019-02-23T11:10:52.911+0100][gc,phases     ] GC(7)   Post Evacuate Collection Set: 0,3ms
[2019-02-23T11:10:52.911+0100][gc,phases     ] GC(7)   Other: 0,2ms
[2019-02-23T11:10:52.911+0100][gc,heap       ] GC(7) Eden regions: 47->0(46)
[2019-02-23T11:10:52.911+0100][gc,heap       ] GC(7) Survivor regions: 4->5(7)
[2019-02-23T11:10:52.911+0100][gc,heap       ] GC(7) Old regions: 10->10
[2019-02-23T11:10:52.911+0100][gc,heap       ] GC(7) Humongous regions: 130->130
[2019-02-23T11:10:52.911+0100][gc,metaspace  ] GC(7) Metaspace: 37327K->37327K(1083392K)
[2019-02-23T11:10:52.911+0100][gc            ] GC(7) Pause Young (G1 Evacuation Pause) 189M->143M(1024M) 4,033ms
[2019-02-23T11:10:52.911+0100][gc,cpu        ] GC(7) User=0,02s Sys=0,00s Real=0,00s
[2019-02-23T11:11:19.410+0100][gc,start      ] GC(8) Pause Young (G1 Evacuation Pause)
[2019-02-23T11:11:19.410+0100][gc,task       ] GC(8) Using 8 workers of 8 for evacuation
[2019-02-23T11:11:19.414+0100][gc,phases     ] GC(8)   Pre Evacuate Collection Set: 0,0ms
[2019-02-23T11:11:19.414+0100][gc,phases     ] GC(8)   Evacuate Collection Set: 3,5ms
[2019-02-23T11:11:19.414+0100][gc,phases     ] GC(8)   Post Evacuate Collection Set: 0,4ms
[2019-02-23T11:11:19.414+0100][gc,phases     ] GC(8)   Other: 0,2ms
[2019-02-23T11:11:19.414+0100][gc,heap       ] GC(8) Eden regions: 46->0(47)
[2019-02-23T11:11:19.414+0100][gc,heap       ] GC(8) Survivor regions: 5->4(7)
[2019-02-23T11:11:19.414+0100][gc,heap       ] GC(8) Old regions: 10->10
[2019-02-23T11:11:19.414+0100][gc,heap       ] GC(8) Humongous regions: 130->130
[2019-02-23T11:11:19.414+0100][gc,metaspace  ] GC(8) Metaspace: 37555K->37555K(1083392K)
[2019-02-23T11:11:19.414+0100][gc            ] GC(8) Pause Young (G1 Evacuation Pause) 189M->143M(1024M) 4,287ms
[2019-02-23T11:11:19.414+0100][gc,cpu        ] GC(8) User=0,02s Sys=0,00s Real=0,01s
[2019-02-23T11:12:02.003+0100][gc,start      ] GC(9) Pause Young (G1 Evacuation Pause)
[2019-02-23T11:12:02.003+0100][gc,task       ] GC(9) Using 8 workers of 8 for evacuation
[2019-02-23T11:12:02.008+0100][gc,phases     ] GC(9)   Pre Evacuate Collection Set: 0,0ms
[2019-02-23T11:12:02.009+0100][gc,phases     ] GC(9)   Evacuate Collection Set: 5,2ms
[2019-02-23T11:12:02.009+0100][gc,phases     ] GC(9)   Post Evacuate Collection Set: 0,3ms
[2019-02-23T11:12:02.009+0100][gc,phases     ] GC(9)   Other: 0,2ms
[2019-02-23T11:12:02.009+0100][gc,heap       ] GC(9) Eden regions: 47->0(53)
[2019-02-23T11:12:02.009+0100][gc,heap       ] GC(9) Survivor regions: 4->4(7)
[2019-02-23T11:12:02.009+0100][gc,heap       ] GC(9) Old regions: 10->10
[2019-02-23T11:12:02.009+0100][gc,heap       ] GC(9) Humongous regions: 130->130
[2019-02-23T11:12:02.009+0100][gc,metaspace  ] GC(9) Metaspace: 37563K->37563K(1083392K)
[2019-02-23T11:12:02.009+0100][gc            ] GC(9) Pause Young (G1 Evacuation Pause) 190M->143M(1024M) 6,053ms
[2019-02-23T11:12:02.009+0100][gc,cpu        ] GC(9) User=0,03s Sys=0,01s Real=0,01s
[2019-02-23T11:12:46.681+0100][gc,start      ] GC(10) Pause Young (G1 Evacuation Pause)
[2019-02-23T11:12:46.681+0100][gc,task       ] GC(10) Using 8 workers of 8 for evacuation
[2019-02-23T11:12:46.684+0100][gc,phases     ] GC(10)   Pre Evacuate Collection Set: 0,0ms
[2019-02-23T11:12:46.684+0100][gc,phases     ] GC(10)   Evacuate Collection Set: 3,3ms
[2019-02-23T11:12:46.684+0100][gc,phases     ] GC(10)   Post Evacuate Collection Set: 0,3ms
[2019-02-23T11:12:46.684+0100][gc,phases     ] GC(10)   Other: 0,2ms
[2019-02-23T11:12:46.684+0100][gc,heap       ] GC(10) Eden regions: 53->0(58)
[2019-02-23T11:12:46.684+0100][gc,heap       ] GC(10) Survivor regions: 4->4(8)
[2019-02-23T11:12:46.684+0100][gc,heap       ] GC(10) Old regions: 10->10
[2019-02-23T11:12:46.684+0100][gc,heap       ] GC(10) Humongous regions: 130->130
[2019-02-23T11:12:46.684+0100][gc,metaspace  ] GC(10) Metaspace: 37566K->37566K(1083392K)
[2019-02-23T11:12:46.684+0100][gc            ] GC(10) Pause Young (G1 Evacuation Pause) 196M->143M(1024M) 3,776ms
[2019-02-23T11:12:46.685+0100][gc,cpu        ] GC(10) User=0,01s Sys=0,00s Real=0,00s
[2019-02-23T11:14:02.596+0100][gc,start      ] GC(11) Pause Young (G1 Evacuation Pause)
[2019-02-23T11:14:02.596+0100][gc,task       ] GC(11) Using 8 workers of 8 for evacuation
[2019-02-23T11:14:02.601+0100][gc,phases     ] GC(11)   Pre Evacuate Collection Set: 0,0ms
[2019-02-23T11:14:02.601+0100][gc,phases     ] GC(11)   Evacuate Collection Set: 4,2ms
[2019-02-23T11:14:02.601+0100][gc,phases     ] GC(11)   Post Evacuate Collection Set: 0,4ms
[2019-02-23T11:14:02.601+0100][gc,phases     ] GC(11)   Other: 0,3ms
[2019-02-23T11:14:02.601+0100][gc,heap       ] GC(11) Eden regions: 58->0(66)
[2019-02-23T11:14:02.601+0100][gc,heap       ] GC(11) Survivor regions: 4->4(8)
[2019-02-23T11:14:02.601+0100][gc,heap       ] GC(11) Old regions: 10->10
[2019-02-23T11:14:02.601+0100][gc,heap       ] GC(11) Humongous regions: 130->130
[2019-02-23T11:14:02.601+0100][gc,metaspace  ] GC(11) Metaspace: 37581K->37581K(1083392K)
[2019-02-23T11:14:02.601+0100][gc            ] GC(11) Pause Young (G1 Evacuation Pause) 201M->143M(1024M) 5,008ms
[2019-02-23T11:14:02.601+0100][gc,cpu        ] GC(11) User=0,02s Sys=0,01s Real=0,00s
[2019-02-23T11:15:00.633+0100][gc,start      ] GC(12) Pause Young (G1 Evacuation Pause)
[2019-02-23T11:15:00.633+0100][gc,task       ] GC(12) Using 8 workers of 8 for evacuation
[2019-02-23T11:15:00.637+0100][gc,phases     ] GC(12)   Pre Evacuate Collection Set: 0,0ms
[2019-02-23T11:15:00.637+0100][gc,phases     ] GC(12)   Evacuate Collection Set: 3,2ms
[2019-02-23T11:15:00.637+0100][gc,phases     ] GC(12)   Post Evacuate Collection Set: 0,5ms
[2019-02-23T11:15:00.637+0100][gc,phases     ] GC(12)   Other: 0,2ms
[2019-02-23T11:15:00.637+0100][gc,heap       ] GC(12) Eden regions: 66->0(83)
[2019-02-23T11:15:00.637+0100][gc,heap       ] GC(12) Survivor regions: 4->4(9)
[2019-02-23T11:15:00.637+0100][gc,heap       ] GC(12) Old regions: 10->10
[2019-02-23T11:15:00.637+0100][gc,heap       ] GC(12) Humongous regions: 130->130
[2019-02-23T11:15:00.637+0100][gc,metaspace  ] GC(12) Metaspace: 37585K->37585K(1083392K)
[2019-02-23T11:15:00.637+0100][gc            ] GC(12) Pause Young (G1 Evacuation Pause) 209M->143M(1024M) 4,084ms
[2019-02-23T11:15:00.637+0100][gc,cpu        ] GC(12) User=0,02s Sys=0,00s Real=0,00s
[2019-02-23T11:16:10.652+0100][gc,start      ] GC(13) Pause Young (G1 Evacuation Pause)
[2019-02-23T11:16:10.652+0100][gc,task       ] GC(13) Using 8 workers of 8 for evacuation
[2019-02-23T11:16:10.656+0100][gc,phases     ] GC(13)   Pre Evacuate Collection Set: 0,0ms
[2019-02-23T11:16:10.656+0100][gc,phases     ] GC(13)   Evacuate Collection Set: 3,8ms
[2019-02-23T11:16:10.656+0100][gc,phases     ] GC(13)   Post Evacuate Collection Set: 0,6ms
[2019-02-23T11:16:10.656+0100][gc,phases     ] GC(13)   Other: 0,2ms
[2019-02-23T11:16:10.656+0100][gc,heap       ] GC(13) Eden regions: 83->0(104)
[2019-02-23T11:16:10.656+0100][gc,heap       ] GC(13) Survivor regions: 4->4(11)
[2019-02-23T11:16:10.656+0100][gc,heap       ] GC(13) Old regions: 10->10
[2019-02-23T11:16:10.656+0100][gc,heap       ] GC(13) Humongous regions: 130->130
[2019-02-23T11:16:10.656+0100][gc,metaspace  ] GC(13) Metaspace: 37600K->37600K(1083392K)
[2019-02-23T11:16:10.656+0100][gc            ] GC(13) Pause Young (G1 Evacuation Pause) 226M->143M(1024M) 4,750ms
[2019-02-23T11:16:10.657+0100][gc,cpu        ] GC(13) User=0,02s Sys=0,01s Real=0,01s
[2019-02-23T11:17:07.647+0100][gc,start      ] GC(14) Pause Young (G1 Evacuation Pause)
[2019-02-23T11:17:07.647+0100][gc,task       ] GC(14) Using 8 workers of 8 for evacuation
[2019-02-23T11:17:07.652+0100][gc,phases     ] GC(14)   Pre Evacuate Collection Set: 0,0ms
[2019-02-23T11:17:07.652+0100][gc,phases     ] GC(14)   Evacuate Collection Set: 4,3ms
[2019-02-23T11:17:07.652+0100][gc,phases     ] GC(14)   Post Evacuate Collection Set: 0,4ms
[2019-02-23T11:17:07.652+0100][gc,phases     ] GC(14)   Other: 0,3ms
[2019-02-23T11:17:07.652+0100][gc,heap       ] GC(14) Eden regions: 104->0(142)
[2019-02-23T11:17:07.652+0100][gc,heap       ] GC(14) Survivor regions: 4->4(14)
[2019-02-23T11:17:07.652+0100][gc,heap       ] GC(14) Old regions: 10->10
[2019-02-23T11:17:07.652+0100][gc,heap       ] GC(14) Humongous regions: 130->130
[2019-02-23T11:17:07.652+0100][gc,metaspace  ] GC(14) Metaspace: 37601K->37601K(1083392K)
[2019-02-23T11:17:07.652+0100][gc            ] GC(14) Pause Young (G1 Evacuation Pause) 247M->143M(1024M) 5,213ms
[2019-02-23T11:17:07.652+0100][gc,cpu        ] GC(14) User=0,03s Sys=0,00s Real=0,00s
[2019-02-23T11:18:30.545+0100][gc,start      ] GC(15) Pause Young (G1 Evacuation Pause)
[2019-02-23T11:18:30.545+0100][gc,task       ] GC(15) Using 8 workers of 8 for evacuation
[2019-02-23T11:18:30.549+0100][gc,phases     ] GC(15)   Pre Evacuate Collection Set: 0,0ms
[2019-02-23T11:18:30.549+0100][gc,phases     ] GC(15)   Evacuate Collection Set: 3,6ms
[2019-02-23T11:18:30.549+0100][gc,phases     ] GC(15)   Post Evacuate Collection Set: 0,4ms
[2019-02-23T11:18:30.549+0100][gc,phases     ] GC(15)   Other: 0,2ms
[2019-02-23T11:18:30.549+0100][gc,heap       ] GC(15) Eden regions: 142->0(194)
[2019-02-23T11:18:30.549+0100][gc,heap       ] GC(15) Survivor regions: 4->4(19)
[2019-02-23T11:18:30.549+0100][gc,heap       ] GC(15) Old regions: 10->10
[2019-02-23T11:18:30.549+0100][gc,heap       ] GC(15) Humongous regions: 130->130
[2019-02-23T11:18:30.549+0100][gc,metaspace  ] GC(15) Metaspace: 37663K->37663K(1083392K)
[2019-02-23T11:18:30.549+0100][gc            ] GC(15) Pause Young (G1 Evacuation Pause) 285M->143M(1024M) 4,297ms
[2019-02-23T11:18:30.549+0100][gc,cpu        ] GC(15) User=0,03s Sys=0,00s Real=0,00s
[2019-02-23T11:20:24.359+0100][gc,start      ] GC(16) Pause Young (G1 Evacuation Pause)
[2019-02-23T11:20:24.359+0100][gc,task       ] GC(16) Using 8 workers of 8 for evacuation
[2019-02-23T11:20:24.363+0100][gc,phases     ] GC(16)   Pre Evacuate Collection Set: 0,0ms
[2019-02-23T11:20:24.363+0100][gc,phases     ] GC(16)   Evacuate Collection Set: 3,6ms
[2019-02-23T11:20:24.363+0100][gc,phases     ] GC(16)   Post Evacuate Collection Set: 0,4ms
[2019-02-23T11:20:24.363+0100][gc,phases     ] GC(16)   Other: 0,2ms
[2019-02-23T11:20:24.363+0100][gc,heap       ] GC(16) Eden regions: 194->0(246)
[2019-02-23T11:20:24.363+0100][gc,heap       ] GC(16) Survivor regions: 4->4(25)
[2019-02-23T11:20:24.363+0100][gc,heap       ] GC(16) Old regions: 10->10
[2019-02-23T11:20:24.363+0100][gc,heap       ] GC(16) Humongous regions: 130->130
[2019-02-23T11:20:24.363+0100][gc,metaspace  ] GC(16) Metaspace: 37677K->37677K(1083392K)
[2019-02-23T11:20:24.363+0100][gc            ] GC(16) Pause Young (G1 Evacuation Pause) 337M->143M(1024M) 4,297ms
[2019-02-23T11:20:24.363+0100][gc,cpu        ] GC(16) User=0,03s Sys=0,00s Real=0,00s
[2019-02-23T11:22:42.323+0100][gc,start      ] GC(17) Pause Young (G1 Evacuation Pause)
[2019-02-23T11:22:42.323+0100][gc,task       ] GC(17) Using 8 workers of 8 for evacuation
[2019-02-23T11:22:42.328+0100][gc,phases     ] GC(17)   Pre Evacuate Collection Set: 0,0ms
[2019-02-23T11:22:42.328+0100][gc,phases     ] GC(17)   Evacuate Collection Set: 3,3ms
[2019-02-23T11:22:42.328+0100][gc,phases     ] GC(17)   Post Evacuate Collection Set: 0,5ms
[2019-02-23T11:22:42.328+0100][gc,phases     ] GC(17)   Other: 0,2ms
[2019-02-23T11:22:42.328+0100][gc,heap       ] GC(17) Eden regions: 246->0(312)
[2019-02-23T11:22:42.328+0100][gc,heap       ] GC(17) Survivor regions: 4->4(32)
[2019-02-23T11:22:42.328+0100][gc,heap       ] GC(17) Old regions: 10->10
[2019-02-23T11:22:42.328+0100][gc,heap       ] GC(17) Humongous regions: 130->130
[2019-02-23T11:22:42.328+0100][gc,metaspace  ] GC(17) Metaspace: 37710K->37710K(1083392K)
[2019-02-23T11:22:42.328+0100][gc            ] GC(17) Pause Young (G1 Evacuation Pause) 389M->143M(1024M) 4,146ms
[2019-02-23T11:22:42.328+0100][gc,cpu        ] GC(17) User=0,03s Sys=0,00s Real=0,01s
[2019-02-23T11:25:41.700+0100][gc,start      ] GC(18) Pause Young (G1 Evacuation Pause)
[2019-02-23T11:25:41.700+0100][gc,task       ] GC(18) Using 8 workers of 8 for evacuation
[2019-02-23T11:25:41.704+0100][gc,phases     ] GC(18)   Pre Evacuate Collection Set: 0,0ms
[2019-02-23T11:25:41.704+0100][gc,phases     ] GC(18)   Evacuate Collection Set: 3,5ms
[2019-02-23T11:25:41.704+0100][gc,phases     ] GC(18)   Post Evacuate Collection Set: 0,3ms
[2019-02-23T11:25:41.704+0100][gc,phases     ] GC(18)   Other: 0,2ms
[2019-02-23T11:25:41.704+0100][gc,heap       ] GC(18) Eden regions: 312->0(373)
[2019-02-23T11:25:41.704+0100][gc,heap       ] GC(18) Survivor regions: 4->4(40)
[2019-02-23T11:25:41.704+0100][gc,heap       ] GC(18) Old regions: 10->10
[2019-02-23T11:25:41.704+0100][gc,heap       ] GC(18) Humongous regions: 130->130
[2019-02-23T11:25:41.704+0100][gc,metaspace  ] GC(18) Metaspace: 37728K->37728K(1083392K)
[2019-02-23T11:25:41.705+0100][gc            ] GC(18) Pause Young (G1 Evacuation Pause) 455M->143M(1024M) 4,125ms
[2019-02-23T11:25:41.705+0100][gc,cpu        ] GC(18) User=0,03s Sys=0,00s Real=0,00s
[2019-02-23T11:29:46.972+0100][gc,start      ] GC(19) Pause Young (G1 Evacuation Pause)
[2019-02-23T11:29:46.972+0100][gc,task       ] GC(19) Using 8 workers of 8 for evacuation
[2019-02-23T11:29:46.982+0100][gc,phases     ] GC(19)   Pre Evacuate Collection Set: 0,0ms
[2019-02-23T11:29:46.982+0100][gc,phases     ] GC(19)   Evacuate Collection Set: 8,3ms
[2019-02-23T11:29:46.982+0100][gc,phases     ] GC(19)   Post Evacuate Collection Set: 0,9ms
[2019-02-23T11:29:46.982+0100][gc,phases     ] GC(19)   Other: 0,5ms
[2019-02-23T11:29:46.982+0100][gc,heap       ] GC(19) Eden regions: 373->0(407)
[2019-02-23T11:29:46.982+0100][gc,heap       ] GC(19) Survivor regions: 4->4(48)
[2019-02-23T11:29:46.982+0100][gc,heap       ] GC(19) Old regions: 10->10
[2019-02-23T11:29:46.982+0100][gc,heap       ] GC(19) Humongous regions: 130->130
[2019-02-23T11:29:46.982+0100][gc,metaspace  ] GC(19) Metaspace: 37748K->37748K(1083392K)
[2019-02-23T11:29:46.982+0100][gc            ] GC(19) Pause Young (G1 Evacuation Pause) 516M->143M(1024M) 9,832ms
[2019-02-23T11:29:46.982+0100][gc,cpu        ] GC(19) User=0,05s Sys=0,00s Real=0,01s
[2019-02-23T11:36:08.492+0100][gc,start      ] GC(20) Pause Young (G1 Evacuation Pause)
[2019-02-23T11:36:08.492+0100][gc,task       ] GC(20) Using 8 workers of 8 for evacuation
[2019-02-23T11:36:08.498+0100][gc,phases     ] GC(20)   Pre Evacuate Collection Set: 0,0ms
[2019-02-23T11:36:08.498+0100][gc,phases     ] GC(20)   Evacuate Collection Set: 4,6ms
[2019-02-23T11:36:08.498+0100][gc,phases     ] GC(20)   Post Evacuate Collection Set: 0,6ms
[2019-02-23T11:36:08.498+0100][gc,phases     ] GC(20)   Other: 0,2ms
[2019-02-23T11:36:08.498+0100][gc,heap       ] GC(20) Eden regions: 407->0(457)
[2019-02-23T11:36:08.498+0100][gc,heap       ] GC(20) Survivor regions: 4->3(52)
[2019-02-23T11:36:08.498+0100][gc,heap       ] GC(20) Old regions: 10->11
[2019-02-23T11:36:08.498+0100][gc,heap       ] GC(20) Humongous regions: 130->130
[2019-02-23T11:36:08.498+0100][gc,metaspace  ] GC(20) Metaspace: 37756K->37756K(1083392K)
[2019-02-23T11:36:08.498+0100][gc            ] GC(20) Pause Young (G1 Evacuation Pause) 550M->143M(1024M) 5,490ms
[2019-02-23T11:36:08.498+0100][gc,cpu        ] GC(20) User=0,03s Sys=0,00s Real=0,01s
[2019-02-23T11:41:31.042+0100][gc,start      ] GC(21) Pause Young (G1 Evacuation Pause)
[2019-02-23T11:41:31.042+0100][gc,task       ] GC(21) Using 8 workers of 8 for evacuation
[2019-02-23T11:41:31.047+0100][gc,phases     ] GC(21)   Pre Evacuate Collection Set: 0,0ms
[2019-02-23T11:41:31.047+0100][gc,phases     ] GC(21)   Evacuate Collection Set: 4,4ms
[2019-02-23T11:41:31.047+0100][gc,phases     ] GC(21)   Post Evacuate Collection Set: 0,4ms
[2019-02-23T11:41:31.047+0100][gc,phases     ] GC(21)   Other: 0,2ms
[2019-02-23T11:41:31.047+0100][gc,heap       ] GC(21) Eden regions: 457->0(519)
[2019-02-23T11:41:31.047+0100][gc,heap       ] GC(21) Survivor regions: 3->3(58)
[2019-02-23T11:41:31.047+0100][gc,heap       ] GC(21) Old regions: 11->12
[2019-02-23T11:41:31.047+0100][gc,heap       ] GC(21) Humongous regions: 130->130
[2019-02-23T11:41:31.047+0100][gc,metaspace  ] GC(21) Metaspace: 37784K->37784K(1083392K)
[2019-02-23T11:41:31.047+0100][gc            ] GC(21) Pause Young (G1 Evacuation Pause) 600M->143M(1024M) 5,090ms
[2019-02-23T11:41:31.047+0100][gc,cpu        ] GC(21) User=0,03s Sys=0,00s Real=0,01s
[2019-02-23T11:47:27.927+0100][gc,start      ] GC(22) Pause Young (G1 Evacuation Pause)
[2019-02-23T11:47:27.927+0100][gc,task       ] GC(22) Using 8 workers of 8 for evacuation
[2019-02-23T11:47:27.930+0100][gc,phases     ] GC(22)   Pre Evacuate Collection Set: 0,0ms
[2019-02-23T11:47:27.930+0100][gc,phases     ] GC(22)   Evacuate Collection Set: 3,0ms
[2019-02-23T11:47:27.930+0100][gc,phases     ] GC(22)   Post Evacuate Collection Set: 0,5ms
[2019-02-23T11:47:27.930+0100][gc,phases     ] GC(22)   Other: 0,2ms
[2019-02-23T11:47:27.931+0100][gc,heap       ] GC(22) Eden regions: 519->0(610)
[2019-02-23T11:47:27.931+0100][gc,heap       ] GC(22) Survivor regions: 3->3(66)
[2019-02-23T11:47:27.931+0100][gc,heap       ] GC(22) Old regions: 12->12
[2019-02-23T11:47:27.931+0100][gc,heap       ] GC(22) Humongous regions: 130->130
[2019-02-23T11:47:27.931+0100][gc,metaspace  ] GC(22) Metaspace: 37812K->37812K(1083392K)
[2019-02-23T11:47:27.931+0100][gc            ] GC(22) Pause Young (G1 Evacuation Pause) 662M->143M(1024M) 3,747ms
[2019-02-23T11:47:27.931+0100][gc,cpu        ] GC(22) User=0,02s Sys=0,00s Real=0,00s
[2019-02-23T11:53:40.753+0100][gc,start      ] GC(23) Pause Young (G1 Evacuation Pause)
[2019-02-23T11:53:40.753+0100][gc,task       ] GC(23) Using 8 workers of 8 for evacuation
[2019-02-23T11:53:40.757+0100][gc,phases     ] GC(23)   Pre Evacuate Collection Set: 0,0ms
[2019-02-23T11:53:40.757+0100][gc,phases     ] GC(23)   Evacuate Collection Set: 2,8ms
[2019-02-23T11:53:40.757+0100][gc,phases     ] GC(23)   Post Evacuate Collection Set: 0,5ms
[2019-02-23T11:53:40.757+0100][gc,phases     ] GC(23)   Other: 0,2ms
[2019-02-23T11:53:40.757+0100][gc,heap       ] GC(23) Eden regions: 610->0(611)
[2019-02-23T11:53:40.757+0100][gc,heap       ] GC(23) Survivor regions: 3->3(77)
[2019-02-23T11:53:40.757+0100][gc,heap       ] GC(23) Old regions: 12->12
[2019-02-23T11:53:40.757+0100][gc,heap       ] GC(23) Humongous regions: 130->130
[2019-02-23T11:53:40.757+0100][gc,metaspace  ] GC(23) Metaspace: 37929K->37929K(1083392K)
[2019-02-23T11:53:40.757+0100][gc            ] GC(23) Pause Young (G1 Evacuation Pause) 753M->143M(1024M) 3,643ms
[2019-02-23T11:53:40.757+0100][gc,cpu        ] GC(23) User=0,01s Sys=0,01s Real=0,00s
[2019-02-23T12:01:09.337+0100][gc,start      ] GC(24) Pause Young (G1 Evacuation Pause)
[2019-02-23T12:01:09.337+0100][gc,task       ] GC(24) Using 8 workers of 8 for evacuation
[2019-02-23T12:01:09.341+0100][gc,phases     ] GC(24)   Pre Evacuate Collection Set: 0,0ms
[2019-02-23T12:01:09.341+0100][gc,phases     ] GC(24)   Evacuate Collection Set: 2,9ms
[2019-02-23T12:01:09.341+0100][gc,phases     ] GC(24)   Post Evacuate Collection Set: 0,6ms
[2019-02-23T12:01:09.341+0100][gc,phases     ] GC(24)   Other: 0,3ms
[2019-02-23T12:01:09.341+0100][gc,heap       ] GC(24) Eden regions: 611->0(611)
[2019-02-23T12:01:09.341+0100][gc,heap       ] GC(24) Survivor regions: 3->3(77)
[2019-02-23T12:01:09.341+0100][gc,heap       ] GC(24) Old regions: 12->12
[2019-02-23T12:01:09.341+0100][gc,heap       ] GC(24) Humongous regions: 130->130
[2019-02-23T12:01:09.341+0100][gc,metaspace  ] GC(24) Metaspace: 37951K->37951K(1083392K)
[2019-02-23T12:01:09.341+0100][gc            ] GC(24) Pause Young (G1 Evacuation Pause) 754M->143M(1024M) 3,896ms
[2019-02-23T12:01:09.341+0100][gc,cpu        ] GC(24) User=0,02s Sys=0,00s Real=0,00s
[2019-02-23T12:07:23.462+0100][gc,start      ] GC(25) Pause Young (G1 Evacuation Pause)
[2019-02-23T12:07:23.462+0100][gc,task       ] GC(25) Using 8 workers of 8 for evacuation
[2019-02-23T12:07:23.466+0100][gc,phases     ] GC(25)   Pre Evacuate Collection Set: 0,0ms
[2019-02-23T12:07:23.466+0100][gc,phases     ] GC(25)   Evacuate Collection Set: 2,9ms
[2019-02-23T12:07:23.466+0100][gc,phases     ] GC(25)   Post Evacuate Collection Set: 0,6ms
[2019-02-23T12:07:23.466+0100][gc,phases     ] GC(25)   Other: 0,2ms
[2019-02-23T12:07:23.466+0100][gc,heap       ] GC(25) Eden regions: 611->0(611)
[2019-02-23T12:07:23.466+0100][gc,heap       ] GC(25) Survivor regions: 3->3(77)
[2019-02-23T12:07:23.466+0100][gc,heap       ] GC(25) Old regions: 12->12
[2019-02-23T12:07:23.466+0100][gc,heap       ] GC(25) Humongous regions: 130->130
[2019-02-23T12:07:23.466+0100][gc,metaspace  ] GC(25) Metaspace: 37951K->37951K(1083392K)
[2019-02-23T12:07:23.466+0100][gc            ] GC(25) Pause Young (G1 Evacuation Pause) 754M->143M(1024M) 3,720ms
[2019-02-23T12:07:23.466+0100][gc,cpu        ] GC(25) User=0,02s Sys=0,00s Real=0,01s
[2019-02-23T12:13:52.862+0100][gc,start      ] GC(26) Pause Young (G1 Evacuation Pause)
[2019-02-23T12:13:52.862+0100][gc,task       ] GC(26) Using 8 workers of 8 for evacuation
[2019-02-23T12:13:52.867+0100][gc,phases     ] GC(26)   Pre Evacuate Collection Set: 0,0ms
[2019-02-23T12:13:52.867+0100][gc,phases     ] GC(26)   Evacuate Collection Set: 3,8ms
[2019-02-23T12:13:52.867+0100][gc,phases     ] GC(26)   Post Evacuate Collection Set: 0,7ms
[2019-02-23T12:13:52.867+0100][gc,phases     ] GC(26)   Other: 0,2ms
[2019-02-23T12:13:52.867+0100][gc,heap       ] GC(26) Eden regions: 611->0(611)
[2019-02-23T12:13:52.867+0100][gc,heap       ] GC(26) Survivor regions: 3->3(77)
[2019-02-23T12:13:52.867+0100][gc,heap       ] GC(26) Old regions: 12->12
[2019-02-23T12:13:52.867+0100][gc,heap       ] GC(26) Humongous regions: 130->130
[2019-02-23T12:13:52.867+0100][gc,metaspace  ] GC(26) Metaspace: 38048K->38048K(1083392K)
[2019-02-23T12:13:52.867+0100][gc            ] GC(26) Pause Young (G1 Evacuation Pause) 754M->144M(1024M) 4,737ms
[2019-02-23T12:13:52.867+0100][gc,cpu        ] GC(26) User=0,02s Sys=0,00s Real=0,01s
[2019-02-23T12:20:19.521+0100][gc,start      ] GC(27) Pause Young (G1 Evacuation Pause)
[2019-02-23T12:20:19.521+0100][gc,task       ] GC(27) Using 8 workers of 8 for evacuation
[2019-02-23T12:20:19.528+0100][gc,phases     ] GC(27)   Pre Evacuate Collection Set: 0,0ms
[2019-02-23T12:20:19.528+0100][gc,phases     ] GC(27)   Evacuate Collection Set: 5,3ms
[2019-02-23T12:20:19.528+0100][gc,phases     ] GC(27)   Post Evacuate Collection Set: 0,5ms
[2019-02-23T12:20:19.528+0100][gc,phases     ] GC(27)   Other: 0,4ms
[2019-02-23T12:20:19.528+0100][gc,heap       ] GC(27) Eden regions: 611->0(611)
[2019-02-23T12:20:19.528+0100][gc,heap       ] GC(27) Survivor regions: 3->3(77)
[2019-02-23T12:20:19.528+0100][gc,heap       ] GC(27) Old regions: 12->12
[2019-02-23T12:20:19.528+0100][gc,heap       ] GC(27) Humongous regions: 130->130
[2019-02-23T12:20:19.528+0100][gc,metaspace  ] GC(27) Metaspace: 38059K->38059K(1083392K)
[2019-02-23T12:20:19.528+0100][gc            ] GC(27) Pause Young (G1 Evacuation Pause) 755M->144M(1024M) 6,322ms
[2019-02-23T12:20:19.528+0100][gc,cpu        ] GC(27) User=0,04s Sys=0,00s Real=0,01s
[2019-02-23T12:26:07.972+0100][gc,start      ] GC(28) Pause Young (G1 Evacuation Pause)
[2019-02-23T12:26:07.972+0100][gc,task       ] GC(28) Using 8 workers of 8 for evacuation
[2019-02-23T12:26:07.977+0100][gc,phases     ] GC(28)   Pre Evacuate Collection Set: 0,0ms
[2019-02-23T12:26:07.977+0100][gc,phases     ] GC(28)   Evacuate Collection Set: 4,9ms
[2019-02-23T12:26:07.977+0100][gc,phases     ] GC(28)   Post Evacuate Collection Set: 0,5ms
[2019-02-23T12:26:07.977+0100][gc,phases     ] GC(28)   Other: 0,2ms
[2019-02-23T12:26:07.977+0100][gc,heap       ] GC(28) Eden regions: 611->0(611)
[2019-02-23T12:26:07.977+0100][gc,heap       ] GC(28) Survivor regions: 3->3(77)
[2019-02-23T12:26:07.977+0100][gc,heap       ] GC(28) Old regions: 12->12
[2019-02-23T12:26:07.977+0100][gc,heap       ] GC(28) Humongous regions: 130->130
[2019-02-23T12:26:07.977+0100][gc,metaspace  ] GC(28) Metaspace: 38085K->38085K(1083392K)
[2019-02-23T12:26:07.977+0100][gc            ] GC(28) Pause Young (G1 Evacuation Pause) 755M->144M(1024M) 5,652ms
[2019-02-23T12:26:07.977+0100][gc,cpu        ] GC(28) User=0,02s Sys=0,00s Real=0,01s
[2019-02-23T12:32:01.316+0100][gc,start      ] GC(29) Pause Young (G1 Evacuation Pause)
[2019-02-23T12:32:01.316+0100][gc,task       ] GC(29) Using 8 workers of 8 for evacuation
[2019-02-23T12:32:01.320+0100][gc,phases     ] GC(29)   Pre Evacuate Collection Set: 0,0ms
[2019-02-23T12:32:01.320+0100][gc,phases     ] GC(29)   Evacuate Collection Set: 3,2ms
[2019-02-23T12:32:01.320+0100][gc,phases     ] GC(29)   Post Evacuate Collection Set: 0,6ms
[2019-02-23T12:32:01.320+0100][gc,phases     ] GC(29)   Other: 0,2ms
[2019-02-23T12:32:01.320+0100][gc,heap       ] GC(29) Eden regions: 611->0(611)
[2019-02-23T12:32:01.320+0100][gc,heap       ] GC(29) Survivor regions: 3->3(77)
[2019-02-23T12:32:01.320+0100][gc,heap       ] GC(29) Old regions: 12->12
[2019-02-23T12:32:01.320+0100][gc,heap       ] GC(29) Humongous regions: 130->130
[2019-02-23T12:32:01.320+0100][gc,metaspace  ] GC(29) Metaspace: 38113K->38113K(1083392K)
[2019-02-23T12:32:01.320+0100][gc            ] GC(29) Pause Young (G1 Evacuation Pause) 755M->144M(1024M) 4,059ms
[2019-02-23T12:32:01.320+0100][gc,cpu        ] GC(29) User=0,02s Sys=0,00s Real=0,00s
[2019-02-23T12:37:47.802+0100][gc,start      ] GC(30) Pause Young (G1 Evacuation Pause)
[2019-02-23T12:37:47.802+0100][gc,task       ] GC(30) Using 8 workers of 8 for evacuation
[2019-02-23T12:37:47.806+0100][gc,phases     ] GC(30)   Pre Evacuate Collection Set: 0,0ms
[2019-02-23T12:37:47.806+0100][gc,phases     ] GC(30)   Evacuate Collection Set: 2,8ms
[2019-02-23T12:37:47.806+0100][gc,phases     ] GC(30)   Post Evacuate Collection Set: 0,7ms
[2019-02-23T12:37:47.806+0100][gc,phases     ] GC(30)   Other: 0,2ms
[2019-02-23T12:37:47.806+0100][gc,heap       ] GC(30) Eden regions: 611->0(610)
[2019-02-23T12:37:47.806+0100][gc,heap       ] GC(30) Survivor regions: 3->4(77)
[2019-02-23T12:37:47.806+0100][gc,heap       ] GC(30) Old regions: 12->12
[2019-02-23T12:37:47.806+0100][gc,heap       ] GC(30) Humongous regions: 130->130
[2019-02-23T12:37:47.806+0100][gc,metaspace  ] GC(30) Metaspace: 38113K->38113K(1083392K)
[2019-02-23T12:37:47.806+0100][gc            ] GC(30) Pause Young (G1 Evacuation Pause) 755M->144M(1024M) 3,741ms
[2019-02-23T12:37:47.806+0100][gc,cpu        ] GC(30) User=0,02s Sys=0,00s Real=0,01s
[2019-02-23T12:44:21.376+0100][gc,start      ] GC(31) Pause Young (G1 Evacuation Pause)
[2019-02-23T12:44:21.376+0100][gc,task       ] GC(31) Using 8 workers of 8 for evacuation
[2019-02-23T12:44:21.380+0100][gc,phases     ] GC(31)   Pre Evacuate Collection Set: 0,0ms
[2019-02-23T12:44:21.380+0100][gc,phases     ] GC(31)   Evacuate Collection Set: 3,0ms
[2019-02-23T12:44:21.380+0100][gc,phases     ] GC(31)   Post Evacuate Collection Set: 0,6ms
[2019-02-23T12:44:21.380+0100][gc,phases     ] GC(31)   Other: 0,2ms
[2019-02-23T12:44:21.380+0100][gc,heap       ] GC(31) Eden regions: 610->0(610)
[2019-02-23T12:44:21.380+0100][gc,heap       ] GC(31) Survivor regions: 4->4(77)
[2019-02-23T12:44:21.380+0100][gc,heap       ] GC(31) Old regions: 12->12
[2019-02-23T12:44:21.380+0100][gc,heap       ] GC(31) Humongous regions: 130->130
[2019-02-23T12:44:21.380+0100][gc,metaspace  ] GC(31) Metaspace: 38134K->38134K(1083392K)
[2019-02-23T12:44:21.380+0100][gc            ] GC(31) Pause Young (G1 Evacuation Pause) 754M->144M(1024M) 3,911ms
[2019-02-23T12:44:21.380+0100][gc,cpu        ] GC(31) User=0,03s Sys=0,00s Real=0,00s
[2019-02-23T12:53:18.551+0100][gc,start      ] GC(32) Pause Young (G1 Evacuation Pause)
[2019-02-23T12:53:18.551+0100][gc,task       ] GC(32) Using 8 workers of 8 for evacuation
[2019-02-23T12:53:18.555+0100][gc,phases     ] GC(32)   Pre Evacuate Collection Set: 0,0ms
[2019-02-23T12:53:18.555+0100][gc,phases     ] GC(32)   Evacuate Collection Set: 3,0ms
[2019-02-23T12:53:18.555+0100][gc,phases     ] GC(32)   Post Evacuate Collection Set: 0,7ms
[2019-02-23T12:53:18.555+0100][gc,phases     ] GC(32)   Other: 0,2ms
[2019-02-23T12:53:18.555+0100][gc,heap       ] GC(32) Eden regions: 610->0(610)
[2019-02-23T12:53:18.555+0100][gc,heap       ] GC(32) Survivor regions: 4->4(77)
[2019-02-23T12:53:18.555+0100][gc,heap       ] GC(32) Old regions: 12->12
[2019-02-23T12:53:18.555+0100][gc,heap       ] GC(32) Humongous regions: 130->130
[2019-02-23T12:53:18.555+0100][gc,metaspace  ] GC(32) Metaspace: 38154K->38154K(1083392K)
[2019-02-23T12:53:18.556+0100][gc            ] GC(32) Pause Young (G1 Evacuation Pause) 754M->144M(1024M) 4,038ms
[2019-02-23T12:53:18.556+0100][gc,cpu        ] GC(32) User=0,02s Sys=0,00s Real=0,01s
[2019-02-23T12:59:54.598+0100][gc,start      ] GC(33) Pause Young (G1 Evacuation Pause)
[2019-02-23T12:59:54.598+0100][gc,task       ] GC(33) Using 8 workers of 8 for evacuation
[2019-02-23T12:59:54.601+0100][gc,phases     ] GC(33)   Pre Evacuate Collection Set: 0,0ms
[2019-02-23T12:59:54.601+0100][gc,phases     ] GC(33)   Evacuate Collection Set: 3,0ms
[2019-02-23T12:59:54.601+0100][gc,phases     ] GC(33)   Post Evacuate Collection Set: 0,5ms
[2019-02-23T12:59:54.601+0100][gc,phases     ] GC(33)   Other: 0,2ms
[2019-02-23T12:59:54.601+0100][gc,heap       ] GC(33) Eden regions: 610->0(610)
[2019-02-23T12:59:54.601+0100][gc,heap       ] GC(33) Survivor regions: 4->4(77)
[2019-02-23T12:59:54.601+0100][gc,heap       ] GC(33) Old regions: 12->12
[2019-02-23T12:59:54.601+0100][gc,heap       ] GC(33) Humongous regions: 130->130
[2019-02-23T12:59:54.601+0100][gc,metaspace  ] GC(33) Metaspace: 38155K->38155K(1083392K)
[2019-02-23T12:59:54.601+0100][gc            ] GC(33) Pause Young (G1 Evacuation Pause) 754M->144M(1024M) 3,812ms
[2019-02-23T12:59:54.602+0100][gc,cpu        ] GC(33) User=0,02s Sys=0,00s Real=0,00s
[2019-02-23T13:08:48.424+0100][gc,start      ] GC(34) Pause Young (G1 Evacuation Pause)
[2019-02-23T13:08:48.424+0100][gc,task       ] GC(34) Using 8 workers of 8 for evacuation
[2019-02-23T13:08:48.428+0100][gc,phases     ] GC(34)   Pre Evacuate Collection Set: 0,0ms
[2019-02-23T13:08:48.428+0100][gc,phases     ] GC(34)   Evacuate Collection Set: 3,1ms
[2019-02-23T13:08:48.428+0100][gc,phases     ] GC(34)   Post Evacuate Collection Set: 0,5ms
[2019-02-23T13:08:48.428+0100][gc,phases     ] GC(34)   Other: 0,2ms
[2019-02-23T13:08:48.428+0100][gc,heap       ] GC(34) Eden regions: 610->0(610)
[2019-02-23T13:08:48.428+0100][gc,heap       ] GC(34) Survivor regions: 4->4(77)
[2019-02-23T13:08:48.428+0100][gc,heap       ] GC(34) Old regions: 12->12
[2019-02-23T13:08:48.428+0100][gc,heap       ] GC(34) Humongous regions: 130->130
[2019-02-23T13:08:48.428+0100][gc,metaspace  ] GC(34) Metaspace: 38161K->38161K(1083392K)
[2019-02-23T13:08:48.428+0100][gc            ] GC(34) Pause Young (G1 Evacuation Pause) 754M->144M(1024M) 3,955ms
[2019-02-23T13:08:48.428+0100][gc,cpu        ] GC(34) User=0,02s Sys=0,00s Real=0,01s
[2019-02-23T13:15:59.335+0100][gc,start      ] GC(35) Pause Young (G1 Evacuation Pause)
[2019-02-23T13:15:59.335+0100][gc,task       ] GC(35) Using 8 workers of 8 for evacuation
[2019-02-23T13:15:59.341+0100][gc,phases     ] GC(35)   Pre Evacuate Collection Set: 0,0ms
[2019-02-23T13:15:59.341+0100][gc,phases     ] GC(35)   Evacuate Collection Set: 3,1ms
[2019-02-23T13:15:59.341+0100][gc,phases     ] GC(35)   Post Evacuate Collection Set: 2,5ms
[2019-02-23T13:15:59.341+0100][gc,phases     ] GC(35)   Other: 0,2ms
[2019-02-23T13:15:59.341+0100][gc,heap       ] GC(35) Eden regions: 610->0(610)
[2019-02-23T13:15:59.341+0100][gc,heap       ] GC(35) Survivor regions: 4->4(77)
[2019-02-23T13:15:59.341+0100][gc,heap       ] GC(35) Old regions: 12->12
[2019-02-23T13:15:59.341+0100][gc,heap       ] GC(35) Humongous regions: 130->130
[2019-02-23T13:15:59.341+0100][gc,metaspace  ] GC(35) Metaspace: 38181K->38181K(1083392K)
[2019-02-23T13:15:59.341+0100][gc            ] GC(35) Pause Young (G1 Evacuation Pause) 754M->144M(1024M) 5,849ms
[2019-02-23T13:15:59.341+0100][gc,cpu        ] GC(35) User=0,03s Sys=0,00s Real=0,00s
[2019-02-23T13:23:04.151+0100][gc,start      ] GC(36) Pause Young (G1 Evacuation Pause)
[2019-02-23T13:23:04.151+0100][gc,task       ] GC(36) Using 8 workers of 8 for evacuation
[2019-02-23T13:23:04.157+0100][gc,phases     ] GC(36)   Pre Evacuate Collection Set: 0,0ms
[2019-02-23T13:23:04.157+0100][gc,phases     ] GC(36)   Evacuate Collection Set: 5,0ms
[2019-02-23T13:23:04.157+0100][gc,phases     ] GC(36)   Post Evacuate Collection Set: 0,8ms
[2019-02-23T13:23:04.157+0100][gc,phases     ] GC(36)   Other: 0,2ms
[2019-02-23T13:23:04.157+0100][gc,heap       ] GC(36) Eden regions: 610->0(610)
[2019-02-23T13:23:04.157+0100][gc,heap       ] GC(36) Survivor regions: 4->4(77)
[2019-02-23T13:23:04.157+0100][gc,heap       ] GC(36) Old regions: 12->12
[2019-02-23T13:23:04.157+0100][gc,heap       ] GC(36) Humongous regions: 130->130
[2019-02-23T13:23:04.157+0100][gc,metaspace  ] GC(36) Metaspace: 38183K->38183K(1083392K)
[2019-02-23T13:23:04.157+0100][gc            ] GC(36) Pause Young (G1 Evacuation Pause) 754M->144M(1024M) 6,099ms
[2019-02-23T13:23:04.157+0100][gc,cpu        ] GC(36) User=0,03s Sys=0,00s Real=0,01s
[2019-02-23T13:30:35.640+0100][gc,start      ] GC(37) Pause Young (G1 Evacuation Pause)
[2019-02-23T13:30:35.640+0100][gc,task       ] GC(37) Using 8 workers of 8 for evacuation
[2019-02-23T13:30:35.645+0100][gc,phases     ] GC(37)   Pre Evacuate Collection Set: 0,0ms
[2019-02-23T13:30:35.645+0100][gc,phases     ] GC(37)   Evacuate Collection Set: 3,0ms
[2019-02-23T13:30:35.645+0100][gc,phases     ] GC(37)   Post Evacuate Collection Set: 0,6ms
[2019-02-23T13:30:35.645+0100][gc,phases     ] GC(37)   Other: 1,6ms
[2019-02-23T13:30:35.645+0100][gc,heap       ] GC(37) Eden regions: 610->0(610)
[2019-02-23T13:30:35.645+0100][gc,heap       ] GC(37) Survivor regions: 4->4(77)
[2019-02-23T13:30:35.645+0100][gc,heap       ] GC(37) Old regions: 12->12
[2019-02-23T13:30:35.645+0100][gc,heap       ] GC(37) Humongous regions: 130->130
[2019-02-23T13:30:35.645+0100][gc,metaspace  ] GC(37) Metaspace: 38194K->38194K(1083392K)
[2019-02-23T13:30:35.645+0100][gc            ] GC(37) Pause Young (G1 Evacuation Pause) 754M->144M(1024M) 5,321ms
[2019-02-23T13:30:35.645+0100][gc,cpu        ] GC(37) User=0,03s Sys=0,00s Real=0,01s
[2019-02-23T13:37:29.151+0100][gc,start      ] GC(38) Pause Young (G1 Evacuation Pause)
[2019-02-23T13:37:29.151+0100][gc,task       ] GC(38) Using 8 workers of 8 for evacuation
[2019-02-23T13:37:29.156+0100][gc,phases     ] GC(38)   Pre Evacuate Collection Set: 0,0ms
[2019-02-23T13:37:29.156+0100][gc,phases     ] GC(38)   Evacuate Collection Set: 3,5ms
[2019-02-23T13:37:29.156+0100][gc,phases     ] GC(38)   Post Evacuate Collection Set: 0,8ms
[2019-02-23T13:37:29.156+0100][gc,phases     ] GC(38)   Other: 0,3ms
[2019-02-23T13:37:29.156+0100][gc,heap       ] GC(38) Eden regions: 610->0(610)
[2019-02-23T13:37:29.156+0100][gc,heap       ] GC(38) Survivor regions: 4->4(77)
[2019-02-23T13:37:29.156+0100][gc,heap       ] GC(38) Old regions: 12->12
[2019-02-23T13:37:29.156+0100][gc,heap       ] GC(38) Humongous regions: 130->130
[2019-02-23T13:37:29.156+0100][gc,metaspace  ] GC(38) Metaspace: 38197K->38197K(1083392K)
[2019-02-23T13:37:29.156+0100][gc            ] GC(38) Pause Young (G1 Evacuation Pause) 754M->144M(1024M) 4,715ms
[2019-02-23T13:37:29.156+0100][gc,cpu        ] GC(38) User=0,02s Sys=0,00s Real=0,01s
[2019-02-23T14:59:49.802+0100][gc,start      ] GC(39) Pause Young (G1 Evacuation Pause)
[2019-02-23T14:59:49.802+0100][gc,task       ] GC(39) Using 8 workers of 8 for evacuation
[2019-02-23T14:59:49.811+0100][gc,phases     ] GC(39)   Pre Evacuate Collection Set: 0,0ms
[2019-02-23T14:59:49.811+0100][gc,phases     ] GC(39)   Evacuate Collection Set: 7,1ms
[2019-02-23T14:59:49.811+0100][gc,phases     ] GC(39)   Post Evacuate Collection Set: 1,2ms
[2019-02-23T14:59:49.811+0100][gc,phases     ] GC(39)   Other: 0,5ms
[2019-02-23T14:59:49.811+0100][gc,heap       ] GC(39) Eden regions: 610->0(610)
[2019-02-23T14:59:49.811+0100][gc,heap       ] GC(39) Survivor regions: 4->4(77)
[2019-02-23T14:59:49.811+0100][gc,heap       ] GC(39) Old regions: 12->12
[2019-02-23T14:59:49.811+0100][gc,heap       ] GC(39) Humongous regions: 130->130
[2019-02-23T14:59:49.811+0100][gc,metaspace  ] GC(39) Metaspace: 38232K->38232K(1083392K)
[2019-02-23T14:59:49.811+0100][gc            ] GC(39) Pause Young (G1 Evacuation Pause) 754M->145M(1024M) 8,924ms
[2019-02-23T14:59:49.811+0100][gc,cpu        ] GC(39) User=0,06s Sys=0,00s Real=0,01s
