[2019-02-28T21:38:33.895+0100][gc,heap] Heap region size: 1M
[2019-02-28T21:38:33.903+0100][gc     ] Using G1
[2019-02-28T21:38:33.903+0100][gc,heap,coops] Heap address: 0x00000000e0000000, size: 512 MB, Compressed Oops mode: 32-bit
[2019-02-28T23:24:49.058+0100][gc,start     ] GC(0) Pause Young (G1 Evacuation Pause)
[2019-02-28T23:24:49.058+0100][gc,task      ] GC(0) Using 8 workers of 8 for evacuation
[2019-02-28T23:24:49.070+0100][gc,phases    ] GC(0)   Pre Evacuate Collection Set: 0,0ms
[2019-02-28T23:24:49.070+0100][gc,phases    ] GC(0)   Evacuate Collection Set: 10,9ms
[2019-02-28T23:24:49.070+0100][gc,phases    ] GC(0)   Post Evacuate Collection Set: 0,7ms
[2019-02-28T23:24:49.070+0100][gc,phases    ] GC(0)   Other: 0,5ms
[2019-02-28T23:24:49.071+0100][gc,heap      ] GC(0) Eden regions: 25->0(21)
[2019-02-28T23:24:49.071+0100][gc,heap      ] GC(0) Survivor regions: 0->4(4)
[2019-02-28T23:24:49.071+0100][gc,heap      ] GC(0) Old regions: 0->2
[2019-02-28T23:24:49.071+0100][gc,heap      ] GC(0) Humongous regions: 1->1
[2019-02-28T23:24:49.071+0100][gc,metaspace ] GC(0) Metaspace: 15079K->15079K(1062912K)
[2019-02-28T23:24:49.071+0100][gc           ] GC(0) Pause Young (G1 Evacuation Pause) 26M->6M(512M) 12,178ms
[2019-02-28T23:24:49.071+0100][gc,cpu       ] GC(0) User=0,07s Sys=0,01s Real=0,01s
[2019-03-01T00:03:45.512+0100][gc,heap,exit ] Heap
[2019-03-01T00:03:45.512+0100][gc,heap,exit ]  garbage-first heap   total 524288K, used 9860K [0x00000000e0000000, 0x0000000100000000)
[2019-03-01T00:03:45.512+0100][gc,heap,exit ]   region size 1024K, 8 young (8192K), 4 survivors (4096K)
[2019-03-01T00:03:45.513+0100][gc,heap,exit ]  Metaspace       used 15100K, capacity 15387K, committed 15744K, reserved 1062912K
[2019-03-01T00:03:45.513+0100][gc,heap,exit ]   class space    used 1432K, capacity 1556K, committed 1664K, reserved 1048576K
