[2019-02-23T10:17:00.430+0100][gc,heap] Heap region size: 1M
[2019-02-23T10:17:00.445+0100][gc     ] Using G1
[2019-02-23T10:17:00.446+0100][gc,heap,coops] Heap address: 0x00000000e0000000, size: 512 MB, Compressed Oops mode: 32-bit
[2019-02-23T10:59:53.417+0100][gc,start     ] GC(0) Pause Young (G1 Evacuation Pause)
[2019-02-23T10:59:53.417+0100][gc,task      ] GC(0) Using 8 workers of 8 for evacuation
[2019-02-23T10:59:53.429+0100][gc,phases    ] GC(0)   Pre Evacuate Collection Set: 0,0ms
[2019-02-23T10:59:53.429+0100][gc,phases    ] GC(0)   Evacuate Collection Set: 10,7ms
[2019-02-23T10:59:53.429+0100][gc,phases    ] GC(0)   Post Evacuate Collection Set: 0,5ms
[2019-02-23T10:59:53.429+0100][gc,phases    ] GC(0)   Other: 0,4ms
[2019-02-23T10:59:53.429+0100][gc,heap      ] GC(0) Eden regions: 25->0(21)
[2019-02-23T10:59:53.429+0100][gc,heap      ] GC(0) Survivor regions: 0->4(4)
[2019-02-23T10:59:53.429+0100][gc,heap      ] GC(0) Old regions: 0->2
[2019-02-23T10:59:53.429+0100][gc,heap      ] GC(0) Humongous regions: 1->1
[2019-02-23T10:59:53.429+0100][gc,metaspace ] GC(0) Metaspace: 15081K->15081K(1062912K)
[2019-02-23T10:59:53.429+0100][gc           ] GC(0) Pause Young (G1 Evacuation Pause) 26M->6M(512M) 11,836ms
[2019-02-23T10:59:53.429+0100][gc,cpu       ] GC(0) User=0,07s Sys=0,01s Real=0,01s
[2019-02-23T15:04:29.922+0100][gc,start     ] GC(1) Pause Young (G1 Evacuation Pause)
[2019-02-23T15:04:29.922+0100][gc,task      ] GC(1) Using 8 workers of 8 for evacuation
[2019-02-23T15:04:29.931+0100][gc,phases    ] GC(1)   Pre Evacuate Collection Set: 0,0ms
[2019-02-23T15:04:29.931+0100][gc,phases    ] GC(1)   Evacuate Collection Set: 8,5ms
[2019-02-23T15:04:29.931+0100][gc,phases    ] GC(1)   Post Evacuate Collection Set: 0,7ms
[2019-02-23T15:04:29.931+0100][gc,phases    ] GC(1)   Other: 0,4ms
[2019-02-23T15:04:29.931+0100][gc,heap      ] GC(1) Eden regions: 21->0(24)
[2019-02-23T15:04:29.932+0100][gc,heap      ] GC(1) Survivor regions: 4->1(4)
[2019-02-23T15:04:29.932+0100][gc,heap      ] GC(1) Old regions: 2->6
[2019-02-23T15:04:29.932+0100][gc,heap      ] GC(1) Humongous regions: 1->1
[2019-02-23T15:04:29.932+0100][gc,metaspace ] GC(1) Metaspace: 15128K->15128K(1062912K)
[2019-02-23T15:04:29.932+0100][gc           ] GC(1) Pause Young (G1 Evacuation Pause) 27M->6M(512M) 9,714ms
[2019-02-23T15:04:29.932+0100][gc,cpu       ] GC(1) User=0,07s Sys=0,00s Real=0,01s
[2019-02-23T17:03:23.286+0100][gc,heap,exit ] Heap
[2019-02-23T17:03:23.286+0100][gc,heap,exit ]  garbage-first heap   total 524288K, used 17384K [0x00000000e0000000, 0x0000000100000000)
[2019-02-23T17:03:23.286+0100][gc,heap,exit ]   region size 1024K, 12 young (12288K), 1 survivors (1024K)
[2019-02-23T17:03:23.286+0100][gc,heap,exit ]  Metaspace       used 15147K, capacity 15455K, committed 15744K, reserved 1062912K
[2019-02-23T17:03:23.286+0100][gc,heap,exit ]   class space    used 1435K, capacity 1556K, committed 1664K, reserved 1048576K
